
> oraco-website@0.0.1 build
> vite build

[36mvite v7.2.6 [32mbuilding client environment for production...[36m[39m
transforming...
[32mΓ£ô[39m 2 modules transformed.
node.exe : [31mΓ£ù[39m Build failed in 1.39s
At line:1 char:1
+ & "C:\Program Files\nodejs/node.exe" "C:\Program Files\nodejs/node_mo ...
+ ~~~~~~~~~~~~~~~~~~~~~~~~~~~~~~~~~~~~~~~~~~~~~~~~~~~~~~~~~~~~~~~~~~~~~
    + CategoryInfo          : NotSpecified: ([31mΓ£ù[39m Build failed in 1.39s:String) [ 
   ], RemoteException
    + FullyQualifiedErrorId : NativeCommandError
 
[31merror during build:
[31m[vite:css] Failed to load PostCSS config (searchPath: C:/Users/Nnstein's 
PC/Desktop/Google AntiGravity Projects/Oraco-TSL-Redesign): [ReferenceError] module is not 
defined in ES module scope
This file is being treated as an ES module because it has a '.js' file extension and 
'C:\Users\Nnstein's PC\Desktop\Google AntiGravity 
Projects\Oraco-TSL-Redesign\package.json' contains "type": "module". To treat it as a 
CommonJS script, rename it to use the '.cjs' file extension.
ReferenceError: module is not defined in ES module scope
This file is being treated as an ES module because it has a '.js' file extension and 
'C:\Users\Nnstein's PC\Desktop\Google AntiGravity 
Projects\Oraco-TSL-Redesign\package.json' contains "type": "module". To treat it as a 
CommonJS script, rename it to use the '.cjs' file extension.
    at file:///C:/Users/Nnstein's%20PC/Desktop/Google%20AntiGravity%20Projects/Oraco-TSL-Re
design/postcss.config.js?t=1765389258304:1:1
    at ModuleJob.run (node:internal/modules/esm/module_job:377:25)
    at async onImport.tracePromise.__proto__ (node:internal/modules/esm/loader:671:26)
    at async req$3 (file:///C:/Users/Nnstein's%20PC/Desktop/Google%20AntiGravity%20Projects
/Oraco-TSL-Redesign/node_modules/vite/dist/node/chunks/config.js:7579:12)
    at async Object.search (file:///C:/Users/Nnstein's%20PC/Desktop/Google%20AntiGravity%20
Projects/Oraco-TSL-Redesign/node_modules/vite/dist/node/chunks/config.js:7396:24)[31m
file: [36mC:/Users/Nnstein's PC/Desktop/Google AntiGravity 
Projects/Oraco-TSL-Redesign/index.html?html-proxy&inline-css&index=0.css[31m
[39m
